TOML parse error at line 1, column 9
  |
1 | bad = 1_.2
  |         ^
Invalid integer
Expected digit
