TOML parse error at line 1, column 6
  |
1 | [abc = 1
  |      ^
Invalid table header
Expected `.`, `]`
