TOML parse error at line 1, column 22
  |
1 | rawstring-del = 'null'
  |                      ^
Invalid literal string
