TOML parse error at line 1, column 20
  |
1 | double-point-1 = 0..1
  |                    ^
Invalid floating-point number
Expected digit
