TOML parse error at line 3, column 22
  |
3 | d = 2006-01-01T00:00:61-00:00
  |                      ^
Invalid date-time
Value is out of range
