TOML parse error at line 1, column 10
  |
1 | a = """\UFFFFFFFF"""
  |          ^
Invalid unicode 8-digit hex code
Value is out of range
